0.7.3 version and exact 353-test parent identity PASS
npm notice run nn-davinci-web-tests@0.7.3 lint
npm notice run eslint src/nn_davinci/web tests/e2e
Checking formatting...
All matched files use Prettier code style!
All checks passed!
Success: no issues found in 15 source files
test_dynamic_shapes_and_cycles_report_partial_coverage_not_zero_cost (test_analysis_accuracy.AnalysisAccuracyTests.test_dynamic_shapes_and_cycles_report_partial_coverage_not_zero_cost) ... ok
test_manual_conv_formula_macs_activation_depth_and_receptive_field (test_analysis_accuracy.AnalysisAccuracyTests.test_manual_conv_formula_macs_activation_depth_and_receptive_field) ... ok
test_report_shows_value_coverage_labels_and_limitations (test_analysis_accuracy.AnalysisAccuracyTests.test_report_shows_value_coverage_labels_and_limitations) ... ok
test_runtime_uses_warmup_repeated_iterations_and_statistics (test_analysis_accuracy.AnalysisAccuracyTests.test_runtime_uses_warmup_repeated_iterations_and_statistics) ... ok
test_project_scene_boundary_rejects_every_malformed_evidence_envelope (test_cli_scene_project_070.CliSceneProject070Tests.test_project_scene_boundary_rejects_every_malformed_evidence_envelope) ... ok
test_render_summary_accepts_both_trusted_import_flags (test_cli_scene_project_070.CliSceneProject070Tests.test_render_summary_accepts_both_trusted_import_flags) ... ok
test_scene_project_cli_persists_semantics_validates_reproduces_and_roundtrips (test_cli_scene_project_070.CliSceneProject070Tests.test_scene_project_cli_persists_semantics_validates_reproduces_and_roundtrips) ... ok
test_01_pytorch_torchvision_resnet18_shapes_parameters_and_hierarchy (test_compatibility_matrix.CompatibilityMatrixTests.test_01_pytorch_torchvision_resnet18_shapes_parameters_and_hierarchy) ... ok
test_02_pytorch_shared_dynamic_nested_and_torchscript (test_compatibility_matrix.CompatibilityMatrixTests.test_02_pytorch_shared_dynamic_nested_and_torchscript) ... ok
test_03_pytorch_state_dict_is_explicitly_weights_only (test_compatibility_matrix.CompatibilityMatrixTests.test_03_pytorch_state_dict_is_explicitly_weights_only) ... ok
test_04_onnx_dynamic_control_flow_external_data_and_multi_io (test_compatibility_matrix.CompatibilityMatrixTests.test_04_onnx_dynamic_control_flow_external_data_and_multi_io) ... ok
test_05_keras_branch_residual_shared_and_nested_model (test_compatibility_matrix.CompatibilityMatrixTests.test_05_keras_branch_residual_shared_and_nested_model) ... WARNING: All log messages before absl::InitializeLog() is called are written to STDERR
I0000 00:00:1788339290.880782 3552114 port.cc:153] oneDNN custom operations are on. You may see slightly different numerical results due to floating-point round-off errors from different computation orders. To turn them off, set the environment variable `TF_ENABLE_ONEDNN_OPTS=0`.
WARNING: All log messages before absl::InitializeLog() is called are written to STDERR
I0000 00:00:1788339296.188531 3552114 port.cc:153] oneDNN custom operations are on. You may see slightly different numerical results due to floating-point round-off errors from different computation orders. To turn them off, set the environment variable `TF_ENABLE_ONEDNN_OPTS=0`.
ok
test_06_tensorflow_graphdef_control_edge_savedmodel_multi_signature (test_compatibility_matrix.CompatibilityMatrixTests.test_06_tensorflow_graphdef_control_edge_savedmodel_multi_signature) ... ok
test_07_jax_pytree_input_and_multiple_outputs (test_compatibility_matrix.CompatibilityMatrixTests.test_07_jax_pytree_input_and_multiple_outputs) ... ok
test_08_mlir_lightweight_subset_shapes_and_rejection (test_compatibility_matrix.CompatibilityMatrixTests.test_08_mlir_lightweight_subset_shapes_and_rejection) ... ok
test_four_panels_keep_independent_layout_and_semantic_connections (test_composer.FigureComposerTests.test_four_panels_keep_independent_layout_and_semantic_connections) ... ok
test_full_figure_exports_seven_formats_and_split_tikz (test_composer.FigureComposerTests.test_full_figure_exports_seven_formats_and_split_tikz) ... ok
test_project_1_0_and_1_1_migrate_to_composer_schema (test_composer.FigureComposerTests.test_project_1_0_and_1_1_migrate_to_composer_schema) ... ok
test_project_roundtrip_preserves_composer_recovery_state (test_composer.FigureComposerTests.test_project_roundtrip_preserves_composer_recovery_state) ... ok
test_caption_and_report (test_core.CoreTests.test_caption_and_report) ... ok
test_collapse_preserves_external_edges (test_core.CoreTests.test_collapse_preserves_external_edges) ... ok
test_diff (test_core.CoreTests.test_diff) ... ok
test_domain_layout_examples_and_all_directions (test_core.CoreTests.test_domain_layout_examples_and_all_directions) ... ok
test_editor_duplicate_preserves_internal_ports_and_edges (test_core.CoreTests.test_editor_duplicate_preserves_internal_ports_and_edges) ... ok
test_editor_history (test_core.CoreTests.test_editor_history) ... ok
test_failures_include_actionable_hints (test_core.CoreTests.test_failures_include_actionable_hints) ... ok
test_focus_view_is_bounded_and_preserves_boundary_connections (test_core.CoreTests.test_focus_view_is_bounded_and_preserves_boundary_connections) ... ok
test_graph_roundtrip_and_validation (test_core.CoreTests.test_graph_roundtrip_and_validation) ... ok
test_import_options_apply_semantics_dynamic_shapes_and_visibility (test_core.CoreTests.test_import_options_apply_semantics_dynamic_shapes_and_visibility) ... ok
test_layout_is_deterministic_and_routes_residual (test_core.CoreTests.test_layout_is_deterministic_and_routes_residual) ... ok
test_literal_python_config_does_not_execute_code (test_core.CoreTests.test_literal_python_config_does_not_execute_code) ... ok
test_local_plugin_template_discovery_and_load (test_core.CoreTests.test_local_plugin_template_discovery_and_load) ... ok
test_locked_position_survives_relayout (test_core.CoreTests.test_locked_position_survives_relayout) ... ok
test_manual_edge_route_survives_relayout (test_core.CoreTests.test_manual_edge_route_survives_relayout) ... ok
test_multi_format_export (test_core.CoreTests.test_multi_format_export) ... ok
test_panel_constraints_create_separate_panel_geometry (test_core.CoreTests.test_panel_constraints_create_separate_panel_geometry) ... ok
test_plugin_registration_points (test_core.CoreTests.test_plugin_registration_points) ... ok
test_project_reproduction_is_stable (test_core.CoreTests.test_project_reproduction_is_stable) ... ok
test_project_reproduction_respects_collapsed_groups (test_core.CoreTests.test_project_reproduction_respects_collapsed_groups) ... ok
test_project_roundtrip (test_core.CoreTests.test_project_roundtrip) ... ok
test_recurrent_time_unroll (test_core.CoreTests.test_recurrent_time_unroll) ... ok
test_static_analysis (test_core.CoreTests.test_static_analysis) ... ok
test_svg_and_tikz_are_vector_and_stable (test_core.CoreTests.test_svg_and_tikz_are_vector_and_stable) ... ok
test_torchlens_trace_translation_without_dependency (test_core.CoreTests.test_torchlens_trace_translation_without_dependency) ... ok
test_interactive_html_uses_safe_dom_inspector (test_extended_integrations.ExtendedIntegrationTests.test_interactive_html_uses_safe_dom_inspector) ... ok
test_jaxpr_graph (test_extended_integrations.ExtendedIntegrationTests.test_jaxpr_graph) ... ok
test_keras_functional_graph (test_extended_integrations.ExtendedIntegrationTests.test_keras_functional_graph) ... ok
test_mlir_ssa_graph (test_extended_integrations.ExtendedIntegrationTests.test_mlir_ssa_graph) ... ok
test_tensorflow_graphdef_and_savedmodel (test_extended_integrations.ExtendedIntegrationTests.test_tensorflow_graphdef_and_savedmodel) ... ok
test_yaml_collaboration_and_editable_powerpoint (test_extended_integrations.ExtendedIntegrationTests.test_yaml_collaboration_and_editable_powerpoint) ... ok
test_compiled_primitives_retain_complete_normalization_record (test_figure_formula_exports.FigureFormulaCompilationTests.test_compiled_primitives_retain_complete_normalization_record) ... ok
test_svg_serializes_safe_formula_state_as_editable_text (test_figure_formula_exports.FigureFormulaCompilationTests.test_svg_serializes_safe_formula_state_as_editable_text) ... ok
test_tikz_uses_safe_editable_commands_and_never_executes_invalid_source (test_figure_formula_exports.FigureFormulaCompilationTests.test_tikz_uses_safe_editable_commands_and_never_executes_invalid_source) ... ok
test_all_seven_formats_derive_from_one_editable_formula_text_model (test_figure_formula_exports.FigureFormulaCrossFormatTests.test_all_seven_formats_derive_from_one_editable_formula_text_model) ... ok
test_generated_tikz_compiles_without_shell_escape (test_figure_formula_exports.FigureFormulaCrossFormatTests.test_generated_tikz_compiles_without_shell_escape) ... ok
test_deterministic_roundtrip_layers_groups_and_lock_boundary (test_figure_ir.FigureIRTests.test_deterministic_roundtrip_layers_groups_and_lock_boundary) ... ok
test_four_vector_formats_and_submission_package (test_figure_ir.FigureIRTests.test_four_vector_formats_and_submission_package) ... ok
test_graph_conversion_preserves_unknown_shapes (test_figure_ir.FigureIRTests.test_graph_conversion_preserves_unknown_shapes) ... ok
test_project_1_3_roundtrip_preserves_independent_page_settings_and_order (test_figure_ir.FigureIRTests.test_project_1_3_roundtrip_preserves_independent_page_settings_and_order) ... ok
test_schema_1_2_migration_adds_empty_figure_ir_without_inventing_facts (test_figure_ir.FigureIRTests.test_schema_1_2_migration_adds_empty_figure_ir_without_inventing_facts) ... ok
test_svg_metadata_roundtrip_preserves_figure_semantics (test_figure_ir.FigureIRTests.test_svg_metadata_roundtrip_preserves_figure_semantics) ... ok
test_templates_are_editable_projects_and_pass_spatial_proof (test_figure_ir.FigureIRTests.test_templates_are_editable_projects_and_pass_spatial_proof) ... ok
test_third_party_svg_is_external_vector_without_model_semantics (test_figure_ir.FigureIRTests.test_third_party_svg_is_external_vector_without_model_semantics) ... ok
test_missing_page_converters_fail_actionably_without_raster_fallback (test_figure_multi_page_exports.FigureExportFailureAndCompatibilityTests.test_missing_page_converters_fail_actionably_without_raster_fallback) ... ok
test_offline_html_rejects_network_image_dependencies (test_figure_multi_page_exports.FigureExportFailureAndCompatibilityTests.test_offline_html_rejects_network_image_dependencies) ... ok
test_page_svg_projection_links_back_to_source_digest (test_figure_multi_page_exports.FigureExportFailureAndCompatibilityTests.test_page_svg_projection_links_back_to_source_digest) ... ok
test_single_page_keeps_legacy_stem_for_all_seven_formats (test_figure_multi_page_exports.FigureExportFailureAndCompatibilityTests.test_single_page_keeps_legacy_stem_for_all_seven_formats) ... ok
test_eps_is_vector_level_three_and_embeds_fonts (test_figure_multi_page_exports.FigureMultiPageExportTests.test_eps_is_vector_level_three_and_embeds_fonts) ... ok
test_html_is_offline_editable_and_preserves_complete_source (test_figure_multi_page_exports.FigureMultiPageExportTests.test_html_is_offline_editable_and_preserves_complete_source) ... ok
test_page_first_counts_signatures_and_order (test_figure_multi_page_exports.FigureMultiPageExportTests.test_page_first_counts_signatures_and_order) ... ok
test_pdf_is_paginated_and_preserves_heterogeneous_page_sizes (test_figure_multi_page_exports.FigureMultiPageExportTests.test_pdf_is_paginated_and_preserves_heterogeneous_page_sizes) ... ok
test_png_is_300_dpi_rgba_with_explicit_alpha_metadata (test_figure_multi_page_exports.FigureMultiPageExportTests.test_png_is_300_dpi_rgba_with_explicit_alpha_metadata) ... ok
test_policy_makes_every_heterogeneous_page_decision_explicit (test_figure_multi_page_exports.FigureMultiPageExportTests.test_policy_makes_every_heterogeneous_page_decision_explicit) ... ok
test_pptx_has_one_ordered_editable_slide_per_page (test_figure_multi_page_exports.FigureMultiPageExportTests.test_pptx_has_one_ordered_editable_slide_per_page) ... ok
test_eight_panels_are_valid_and_locked_panel_identity_roundtrips (test_figure_performance.FigurePerformanceTests.test_eight_panels_are_valid_and_locked_panel_identity_roundtrips) ... ok
test_large_graph_figure_entry_uses_bounded_summary_not_full_expansion (test_figure_performance.FigurePerformanceTests.test_large_graph_figure_entry_uses_bounded_summary_not_full_expansion) ... ok
test_large_graph_figure_focus_is_bounded_and_keeps_only_exact_source_ids (test_figure_performance.FigurePerformanceTests.test_large_graph_figure_focus_is_bounded_and_keeps_only_exact_source_ids) ... ok
test_one_thousand_figure_objects_remain_serializable_and_operable (test_figure_performance.FigurePerformanceTests.test_one_thousand_figure_objects_remain_serializable_and_operable) ... ok
test_catalog_template_render_validate_and_project_schema (test_figure_studio_api.FigureStudioAPITests.test_catalog_template_render_validate_and_project_schema) ... ok
test_complete_figure_and_structure_lens_route_surface (test_figure_studio_api.FigureStudioAPITests.test_complete_figure_and_structure_lens_route_surface) ... ok
test_graph_to_figure_forwards_slices_and_reconciles_existing_edits (test_figure_studio_api.FigureStudioAPITests.test_graph_to_figure_forwards_slices_and_reconciles_existing_edits) ... ok
test_persisted_project_validation_canonicalizes_and_rejects_tampering (test_figure_studio_api.FigureStudioAPITests.test_persisted_project_validation_canonicalizes_and_rejects_tampering) ... ok
test_semantic_cache_rederives_after_supplied_graph_fact_edit (test_figure_studio_api.FigureStudioAPITests.test_semantic_cache_rederives_after_supplied_graph_fact_edit) ... ok
test_structure_lens_http_pathway_prioritizes_semantic_view (test_figure_studio_api.FigureStudioAPITests.test_structure_lens_http_pathway_prioritizes_semantic_view) ... ok
test_structure_lens_http_queries_are_bounded (test_figure_studio_api.FigureStudioAPITests.test_structure_lens_http_queries_are_bounded) ... ok
test_svg_roundtrip_and_submission_package (test_figure_studio_api.FigureStudioAPITests.test_svg_roundtrip_and_submission_package) ... ok
test_chrome_oracle_classifies_all_adversarial_fixtures (test_figure_svg_oracle.FigureSvgOracleChromeTests.test_chrome_oracle_classifies_all_adversarial_fixtures) ... ok
test_oracle_default_exit_status_is_a_strict_gate (test_figure_svg_oracle.FigureSvgOracleChromeTests.test_oracle_default_exit_status_is_a_strict_gate) ... ok
test_validator_rejects_a_tampered_classification (test_figure_svg_oracle.FigureSvgOracleChromeTests.test_validator_rejects_a_tampered_classification) ... ok
test_fixture_generator_matches_executable_expectations (test_figure_svg_oracle.FigureSvgOracleStaticTests.test_fixture_generator_matches_executable_expectations) ... ok
test_oracle_is_dom_only_and_uses_required_chrome_geometry_apis (test_figure_svg_oracle.FigureSvgOracleStaticTests.test_oracle_is_dom_only_and_uses_required_chrome_geometry_apis) ... ok
test_layout_never_compresses_and_fails_actionably_when_lane_is_too_short (test_figure_units_text.FigureTextLayoutTests.test_layout_never_compresses_and_fails_actionably_when_lane_is_too_short) ... ok
test_single_line_manual_wrap_cjk_math_and_fallback_record (test_figure_units_text.FigureTextLayoutTests.test_single_line_manual_wrap_cjk_math_and_fallback_record) ... ok
test_six_point_local_style_is_rejected_instead_of_silently_clamped (test_figure_units_text.FigureTextLayoutTests.test_six_point_local_style_is_rejected_instead_of_silently_clamped) ... ok
test_svg_uses_mm_user_units_and_tikz_applies_each_object_font (test_figure_units_text.FigureTextLayoutTests.test_svg_uses_mm_user_units_and_tikz_applies_each_object_font) ... ok
test_effective_font_and_stroke_use_the_complete_ctm (test_figure_units_text.PhysicalUnitTests.test_effective_font_and_stroke_use_the_complete_ctm) ... ok
test_exact_point_millimetre_and_css_pixel_conversions (test_figure_units_text.PhysicalUnitTests.test_exact_point_millimetre_and_css_pixel_conversions) ... ok
test_common_attention_and_convolution_expressions_fit_safe_subset (test_formula_061.FormulaNormalizationTests.test_common_attention_and_convolution_expressions_fit_safe_subset) ... ok
test_greek_scripts_operators_fraction_and_root_stay_editable (test_formula_061.FormulaNormalizationTests.test_greek_scripts_operators_fraction_and_root_stay_editable) ... ok
test_invalid_formula_is_visible_and_never_executed_or_dropped (test_formula_061.FormulaNormalizationTests.test_invalid_formula_is_visible_and_never_executed_or_dropped) ... ok
test_simple_matrix_is_multiline_editable_text (test_formula_061.FormulaNormalizationTests.test_simple_matrix_is_multiline_editable_text) ... ok
test_deleted_family_evidence_degrades_every_claim (test_generalization_073.Generalization073Tests.test_deleted_family_evidence_degrades_every_claim) ... ok
test_seven_renamed_reidentified_reordered_graphs_preserve_claims (test_generalization_073.Generalization073Tests.test_seven_renamed_reidentified_reordered_graphs_preserve_claims) ... ok
test_two_depth_or_width_variants_per_supported_pattern (test_generalization_073.Generalization073Tests.test_two_depth_or_width_variants_per_supported_pattern) ... ok
test_variant_counts_follow_structure_instead_of_fixed_corpus_specs (test_generalization_073.Generalization073Tests.test_variant_counts_follow_structure_instead_of_fixed_corpus_specs) ... ok
test_architecture_evidence_rejects_incomplete_unbound_or_tampered_claims (test_hotfix_contracts_073.ArchitectureRoleGraphContract073Tests.test_architecture_evidence_rejects_incomplete_unbound_or_tampered_claims) ... ok
test_digest_and_evidence_binding_reject_stale_or_mismatched_claims (test_hotfix_contracts_073.ArchitectureRoleGraphContract073Tests.test_digest_and_evidence_binding_reject_stale_or_mismatched_claims) ... ok
test_edge_integrity_rejects_duplicates_unknown_endpoints_and_lost_direction (test_hotfix_contracts_073.ArchitectureRoleGraphContract073Tests.test_edge_integrity_rejects_duplicates_unknown_endpoints_and_lost_direction) ... ok
test_every_graph_ir_provenance_kind_is_validated_for_nodes_and_edges (test_hotfix_contracts_073.ArchitectureRoleGraphContract073Tests.test_every_graph_ir_provenance_kind_is_validated_for_nodes_and_edges) ... ok
test_metamorphic_graph_rebinds_nested_groups_annotations_and_constraints (test_hotfix_contracts_073.ArchitectureRoleGraphContract073Tests.test_metamorphic_graph_rebinds_nested_groups_annotations_and_constraints) ... ok
test_matrix_camera_and_page_guards_reject_degenerate_geometry (test_hotfix_contracts_073.SceneProjectionContract073Tests.test_matrix_camera_and_page_guards_reject_degenerate_geometry) ... ok
test_plain_numeric_and_vector_coercion_are_deterministic_and_finite (test_hotfix_contracts_073.SceneProjectionContract073Tests.test_plain_numeric_and_vector_coercion_are_deterministic_and_finite) ... ok
test_projected_scene_validation_guards_visible_vector_contract (test_hotfix_contracts_073.SceneProjectionContract073Tests.test_projected_scene_validation_guards_visible_vector_contract) ... ok
test_projection_options_reject_every_unsafe_publication_setting (test_hotfix_contracts_073.SceneProjectionContract073Tests.test_projection_options_reject_every_unsafe_publication_setting) ... ok
test_project_boundary_and_unexpected_error_return_machine_readable_failures (test_hotfix_contracts_073.ServerContract073Tests.test_project_boundary_and_unexpected_error_return_machine_readable_failures) ... ERROR:nn_davinci.server:NN_DaVinci request failed
Traceback (most recent call last):
  File "/home/wangrj/桌面/KMH/神经网络绘图工具/envs/python-tools/lib/python3.13/site-packages/flask/app.py", line 917, in full_dispatch_request
    rv = self.dispatch_request()
  File "/home/wangrj/桌面/KMH/神经网络绘图工具/envs/python-tools/lib/python3.13/site-packages/flask/app.py", line 902, in dispatch_request
    return self.ensure_sync(self.view_functions[rule.endpoint])(**view_args)  # type: ignore[no-any-return]
           ~~~~~~~~~~~~~~~~~~~~~~~~~~~~~~~~~~~~~~~~~~~~~~~~~~~~^^^^^^^^^^^^^
  File "/tmp/nndv-073-full-20260902T085430Z-aa89ee8a-piF1PH/work/execution-source/tests/test_hotfix_contracts_073.py", line 348, in unexpected
    raise RuntimeError("contract sentinel")
RuntimeError: contract sentinel
ok
test_dense_pair_budget_is_explicit_and_never_claims_completeness (test_large_graph.LargeGraphTests.test_dense_pair_budget_is_explicit_and_never_claims_completeness) ... ok
test_iterative_scc_matches_known_ranks_and_handles_deep_chain (test_large_graph.LargeGraphTests.test_iterative_scc_matches_known_ranks_and_handles_deep_chain) ... ok
test_iterative_scc_matches_simple_reference_on_one_hundred_random_graphs (test_large_graph.LargeGraphTests.test_iterative_scc_matches_simple_reference_on_one_hundred_random_graphs) ... ok
test_stress_corpus_hash_manifest (test_large_graph.LargeGraphTests.test_stress_corpus_hash_manifest) ... ok
test_sweep_line_matches_naive_on_one_hundred_random_corpora (test_large_graph.LargeGraphTests.test_sweep_line_matches_naive_on_one_hundred_random_corpora) ... ok
test_thousand_node_full_layout_no_recursion_error_and_deterministic (test_large_graph.LargeGraphTests.test_thousand_node_full_layout_no_recursion_error_and_deterministic) ... ok
test_two_dimensional_index_handles_adversarial_axes_and_boundaries (test_large_graph.LargeGraphTests.test_two_dimensional_index_handles_adversarial_axes_and_boundaries) ... ok
test_cli_large_graph_rejection_focus_and_summary_are_executable (test_large_graph.ScalePreflightTests.test_cli_large_graph_rejection_focus_and_summary_are_executable) ... ok
test_full_large_graph_rejected_but_summary_and_focus_allowed (test_large_graph.ScalePreflightTests.test_full_large_graph_rejected_but_summary_and_focus_allowed) ... ok
test_web_full_large_graph_returns_actionable_422_under_two_seconds (test_large_graph.ScalePreflightTests.test_web_full_large_graph_returns_actionable_422_under_two_seconds) ... ok
test_focus_and_viewport_boundaries_retain_exact_node_edge_and_port_evidence (test_model_figure_061.ModelFigurePipelineTests.test_focus_and_viewport_boundaries_retain_exact_node_edge_and_port_evidence) ... ok
test_graph_semantic_layout_figure_keeps_all_outputs_and_bindings (test_model_figure_061.ModelFigurePipelineTests.test_graph_semantic_layout_figure_keeps_all_outputs_and_bindings) ... ok
test_large_operation_request_uses_bounded_summary_first (test_model_figure_061.ModelFigurePipelineTests.test_large_operation_request_uses_bounded_summary_first) ... ok
test_paper_group_uses_persisted_semantic_ids_and_auditable_abbreviation (test_model_figure_061.ModelFigurePipelineTests.test_paper_group_uses_persisted_semantic_ids_and_auditable_abbreviation) ... ok
test_provenance_validator_rejects_orphan_semantics_and_reverse_index_tampering (test_model_figure_061.ModelFigurePipelineTests.test_provenance_validator_rejects_orphan_semantics_and_reverse_index_tampering) ... ok
test_rebuild_preserves_locked_geometry_and_author_route (test_model_figure_061.ModelFigurePipelineTests.test_rebuild_preserves_locked_geometry_and_author_route) ... ok
test_structure_lens_preview_is_side_effect_free_and_requires_explicit_add (test_model_figure_061.ModelFigurePipelineTests.test_structure_lens_preview_is_side_effect_free_and_requires_explicit_add) ... ok
test_graph_semantic_figure_scene_bidirectional_provenance_and_tamper_rejection (test_model_scene_070.ModelScene070Tests.test_graph_semantic_figure_scene_bidirectional_provenance_and_tamper_rejection) ... ok
test_large_graph_is_summary_first_and_focus_is_bounded (test_model_scene_070.ModelScene070Tests.test_large_graph_is_summary_first_and_focus_is_bounded) ... ok
test_materialized_template_files_match_factories_and_packaged_copies (test_model_scene_070.ModelScene070Tests.test_materialized_template_files_match_factories_and_packaged_copies) ... ok
test_names_do_not_infer_residual_attention_moe_or_diffusion_semantics (test_model_scene_070.ModelScene070Tests.test_names_do_not_infer_residual_attention_moe_or_diffusion_semantics) ... ok
test_project_13_migration_adds_only_an_explicit_empty_scene (test_model_scene_070.ModelScene070Tests.test_project_13_migration_adds_only_an_explicit_empty_scene) ... ok
test_schema_documents_are_strict_versioned_json (test_model_scene_070.ModelScene070Tests.test_schema_documents_are_strict_versioned_json) ... ok
test_seven_evidence_backed_model_families_generate_bounded_editable_scenes (test_model_scene_070.ModelScene070Tests.test_seven_evidence_backed_model_families_generate_bounded_editable_scenes) ... ok
test_seven_templates_are_editable_true_3d_and_template_provenance_only (test_model_scene_070.ModelScene070Tests.test_seven_templates_are_editable_true_3d_and_template_provenance_only) ... ok
test_symbolic_dynamic_and_unknown_shapes_remain_symbolic (test_model_scene_070.ModelScene070Tests.test_symbolic_dynamic_and_unknown_shapes_remain_symbolic) ... ok
test_onnx_adapter (test_onnx_and_web.OptionalIntegrationTests.test_onnx_adapter) ... ok
test_web_api (test_onnx_and_web.OptionalIntegrationTests.test_web_api) ... ok
test_eight_templates_and_three_reviewable_opt_in_candidates (test_paper_production.PaperProductionTests.test_eight_templates_and_three_reviewable_opt_in_candidates) ... ok
test_matching_confidence_views_and_state_dict_scope (test_paper_production.PaperProductionTests.test_matching_confidence_views_and_state_dict_scope) ... ok
test_three_fixed_real_model_diff_pairs (test_paper_production.PaperProductionTests.test_three_fixed_real_model_diff_pairs) ... ok
test_diffusion_double_column_geometry (test_paper_quality.PaperGeometryTests.test_diffusion_double_column_geometry) ... ok
test_impossible_locked_extent_emits_actionable_warning (test_paper_quality.PaperGeometryTests.test_impossible_locked_extent_emits_actionable_warning) ... ok
test_locked_position_and_manual_route_survive_page_adaptation (test_paper_quality.PaperGeometryTests.test_locked_position_and_manual_route_survive_page_adaptation) ... ok
test_moe_double_column_geometry (test_paper_quality.PaperGeometryTests.test_moe_double_column_geometry) ... ok
test_multimodal_double_column_geometry (test_paper_quality.PaperGeometryTests.test_multimodal_double_column_geometry) ... ok
test_page_presets_are_explicit_and_auto_records_reason (test_paper_quality.PaperGeometryTests.test_page_presets_are_explicit_and_auto_records_reason) ... ok
test_resnet_double_column_geometry (test_paper_quality.PaperGeometryTests.test_resnet_double_column_geometry) ... ok
test_rnn_double_column_geometry (test_paper_quality.PaperGeometryTests.test_rnn_double_column_geometry) ... ok
test_transformer_double_column_geometry (test_paper_quality.PaperGeometryTests.test_transformer_double_column_geometry) ... ok
test_unet_double_column_geometry (test_paper_quality.PaperGeometryTests.test_unet_double_column_geometry) ... ok
test_api_1_receives_actionable_migration_error (test_plugins_v2.PluginApiV2Tests.test_api_1_receives_actionable_migration_error) ... ok
test_broken_local_plugin_isolated_and_semantic_failure_becomes_unknown (test_plugins_v2.PluginApiV2Tests.test_broken_local_plugin_isolated_and_semantic_failure_becomes_unknown) ... ok
test_six_stable_interfaces_negotiate (test_plugins_v2.PluginApiV2Tests.test_six_stable_interfaces_negotiate) ... ok
test_graph_only_figure_claims_require_exact_bidirectional_index (test_project_semantic_provenance_061.ProjectSemanticProvenance061Tests.test_graph_only_figure_claims_require_exact_bidirectional_index) ... ok
test_loading_rejects_orphan_figure_semantic_id_and_reverse_index_tampering (test_project_semantic_provenance_061.ProjectSemanticProvenance061Tests.test_loading_rejects_orphan_figure_semantic_id_and_reverse_index_tampering) ... ok
test_loading_rejects_semantic_to_graph_digest_tampering (test_project_semantic_provenance_061.ProjectSemanticProvenance061Tests.test_loading_rejects_semantic_to_graph_digest_tampering) ... ok
test_model_derived_figure_requires_semantic_document (test_project_semantic_provenance_061.ProjectSemanticProvenance061Tests.test_model_derived_figure_requires_semantic_document) ... ok
test_prerelease_flat_semantic_document_is_canonicalized_without_losing_evidence (test_project_semantic_provenance_061.ProjectSemanticProvenance061Tests.test_prerelease_flat_semantic_document_is_canonicalized_without_losing_evidence) ... ok
test_roundtrip_persists_exact_semantic_document_used_by_figure (test_project_semantic_provenance_061.ProjectSemanticProvenance061Tests.test_roundtrip_persists_exact_semantic_document_used_by_figure) ... ok
test_features_attention_channel_importance_and_pruning (test_pytorch_runtime.PyTorchRuntimeTests.test_features_attention_channel_importance_and_pruning) ... ok
test_forward_backward_runtime_metrics (test_pytorch_runtime.PyTorchRuntimeTests.test_forward_backward_runtime_metrics) ... /tmp/nndv-073-full-20260902T085430Z-aa89ee8a-piF1PH/work/execution-source/src/nn_davinci/analysis/runtime.py:107: UserWarning: Full backward hook is firing when gradients are computed with respect to module outputs since no inputs require gradients. See https://docs.pytorch.org/docs/main/generated/torch.nn.Module.html#torch.nn.Module.register_full_backward_hook for more details.
  loss.backward()
ok
test_fx_and_runtime_fallback (test_pytorch_runtime.PyTorchRuntimeTests.test_fx_and_runtime_fallback) ... ok
test_fx_tuple_outputs_keep_exact_topk_port_bindings (test_pytorch_runtime.PyTorchRuntimeTests.test_fx_tuple_outputs_keep_exact_topk_port_bindings) ... ok
test_gradcam (test_pytorch_runtime.PyTorchRuntimeTests.test_gradcam) ... ok
test_input_gradient_and_heatmap_export (test_pytorch_runtime.PyTorchRuntimeTests.test_input_gradient_and_heatmap_export) ... ok
test_real_model_module_and_framework_views_preserve_boundaries (test_pytorch_runtime.PyTorchRuntimeTests.test_real_model_module_and_framework_views_preserve_boundaries) ... ok
test_runtime_fallback_counts_reused_weights_once (test_pytorch_runtime.PyTorchRuntimeTests.test_runtime_fallback_counts_reused_weights_once) ... ok
test_torchlens_activations_and_backward_graph (test_pytorch_runtime.PyTorchRuntimeTests.test_torchlens_activations_and_backward_graph) ... ok
test_torchlens_operation_graph (test_pytorch_runtime.PyTorchRuntimeTests.test_torchlens_operation_graph) ... /opt/miniconda3/lib/python3.13/contextlib.py:148: ScalarEscapeWarning: TorchLens observed 1 tensor-to-Python scalar escape(s) during capture; first at /tmp/nndv-073-full-20260902T085430Z-aa89ee8a-piF1PH/work/execution-source/examples/pytorch_tiny.py:19. Keep it as a tensor or pass the value as an explicit input; the dependence is not captured.
  next(self.gen)
ok
test_all_operation_graph_block_paper_entries_are_compact_traceable_and_spatially_valid (test_real_model_figures_061.RealModelFigure061Tests.test_all_operation_graph_block_paper_entries_are_compact_traceable_and_spatially_valid) ... ok
test_all_seven_module_graphs_have_bounded_traceable_publication_projections (test_real_model_figures_061.RealModelFigure061Tests.test_all_seven_module_graphs_have_bounded_traceable_publication_projections) ... ok
test_all_seven_persisted_svgs_pass_the_independent_chrome_oracle (test_real_model_figures_061.RealModelFigure061Tests.test_all_seven_persisted_svgs_pass_the_independent_chrome_oracle) ... ok
test_all_seven_publication_projects_persist_the_semantic_view_used_by_the_figure (test_real_model_figures_061.RealModelFigure061Tests.test_all_seven_publication_projects_persist_the_semantic_view_used_by_the_figure) ... ok
test_acyclic_diffusion_unet_is_not_falsely_called_a_loop (test_real_models.RealModelCorpusTests.test_acyclic_diffusion_unet_is_not_falsely_called_a_loop) ... ok
test_framework_module_operation_views_are_traceable (test_real_models.RealModelCorpusTests.test_framework_module_operation_views_are_traceable) ... ok
test_resnet50_parameter_total_and_shapes_are_stable (test_real_models.RealModelCorpusTests.test_resnet50_parameter_total_and_shapes_are_stable) ... ok
test_seven_models_import_with_evidence_backed_semantics (test_real_models.RealModelCorpusTests.test_seven_models_import_with_evidence_backed_semantics) ... ok
test_finalize_verify_and_detect_payload_tampering (test_release_artifact_070.ReleaseArtifact070Tests.test_finalize_verify_and_detect_payload_tampering) ... ok
test_release_gates_reject_skeletal_claims_and_missing_payload (test_release_artifact_070.ReleaseArtifact070Tests.test_release_gates_reject_skeletal_claims_and_missing_payload) ... ok
test_finalizer_creates_exact_inventory_and_verifier_rejects_tampering (test_release_artifact_0_6.ReleaseArtifact060Tests.test_finalizer_creates_exact_inventory_and_verifier_rejects_tampering) ... ok
test_verifier_rejects_symlink_and_special_inventory_objects (test_release_artifact_0_6.ReleaseArtifact060Tests.test_verifier_rejects_symlink_and_special_inventory_objects) ... ok
test_0_6_0_test_identity_fixture_is_exact_and_release_scripts_are_strict (test_release_artifact_0_6_1.ReleaseArtifact061Tests.test_0_6_0_test_identity_fixture_is_exact_and_release_scripts_are_strict) ... ok
test_finalizer_aborts_before_artifact_when_strict_oracle_fails (test_release_artifact_0_6_1.ReleaseArtifact061Tests.test_finalizer_aborts_before_artifact_when_strict_oracle_fails) ... ok
test_finalizer_binds_fresh_payload_and_verifier_rejects_tampering (test_release_artifact_0_6_1.ReleaseArtifact061Tests.test_finalizer_binds_fresh_payload_and_verifier_rejects_tampering) ... ok
test_finalizer_rejects_missing_tampered_or_unbound_historical_negative_control (test_release_artifact_0_6_1.ReleaseArtifact061Tests.test_finalizer_rejects_missing_tampered_or_unbound_historical_negative_control) ... ok
test_finalizer_requires_explicit_complete_editor_scenario_accounting (test_release_artifact_0_6_1.ReleaseArtifact061Tests.test_finalizer_requires_explicit_complete_editor_scenario_accounting) ... ok
test_strict_oracle_validator_requires_exact_fresh_svg_hashes_and_metrics (test_release_artifact_0_6_1.ReleaseArtifact061Tests.test_strict_oracle_validator_requires_exact_fresh_svg_hashes_and_metrics) ... ok
test_verifier_rejects_resealed_historical_negative_control_tampering (test_release_artifact_0_6_1.ReleaseArtifact061Tests.test_verifier_rejects_resealed_historical_negative_control_tampering) ... ok
test_absent_artifact_root_is_created_safely_before_outputs (test_release_driver_070.FullReleaseDriver070Tests.test_absent_artifact_root_is_created_safely_before_outputs) ... ok
test_all_seven_browser_suites_have_explicit_fresh_paths (test_release_driver_070.FullReleaseDriver070Tests.test_all_seven_browser_suites_have_explicit_fresh_paths) ... ok
test_both_sources_are_fresh_allowlisted_snapshots (test_release_driver_070.FullReleaseDriver070Tests.test_both_sources_are_fresh_allowlisted_snapshots) ... ok
test_bytecode_cache_is_fresh_reusable_and_outside_the_snapshot (test_release_driver_070.FullReleaseDriver070Tests.test_bytecode_cache_is_fresh_reusable_and_outside_the_snapshot) ... ok
test_driver_is_strict_executable_and_uses_a_new_controller (test_release_driver_070.FullReleaseDriver070Tests.test_driver_is_strict_executable_and_uses_a_new_controller) ... ok
test_every_required_fresh_command_is_accounted_for (test_release_driver_070.FullReleaseDriver070Tests.test_every_required_fresh_command_is_accounted_for) ... ok
test_parent_artifact_is_only_a_verified_read_only_baseline (test_release_driver_070.FullReleaseDriver070Tests.test_parent_artifact_is_only_a_verified_read_only_baseline) ... ok
test_project_scene_migration_report_is_fresh_and_release_blocking (test_release_driver_070.FullReleaseDriver070Tests.test_project_scene_migration_report_is_fresh_and_release_blocking) ... ok
test_scene_outputs_performance_and_package_install_are_fresh (test_release_driver_070.FullReleaseDriver070Tests.test_scene_outputs_performance_and_package_install_are_fresh) ... ok
test_all_fourteen_visual_and_cross_format_gates_are_fresh (test_release_driver_071.FullReleaseDriver071Tests.test_all_fourteen_visual_and_cross_format_gates_are_fresh) ... ok
test_all_release_blockers_are_command_accounted (test_release_driver_071.FullReleaseDriver071Tests.test_all_release_blockers_are_command_accounted) ... ok
test_driver_is_fresh_strict_executable_and_non_overwriting (test_release_driver_071.FullReleaseDriver071Tests.test_driver_is_fresh_strict_executable_and_non_overwriting) ... ok
test_parent_is_the_pinned_read_only_070_source_and_artifact (test_release_driver_071.FullReleaseDriver071Tests.test_parent_is_the_pinned_read_only_070_source_and_artifact) ... ok
test_performance_package_and_final_artifact_use_071_contracts (test_release_driver_071.FullReleaseDriver071Tests.test_performance_package_and_final_artifact_use_071_contracts) ... ok
test_seven_browser_suites_have_isolated_fresh_paths (test_release_driver_071.FullReleaseDriver071Tests.test_seven_browser_suites_have_isolated_fresh_paths) ... ok
test_0_2_2_matrix_has_executable_typed_predicates (test_release_verification.AcceptanceMatrixTests.test_0_2_2_matrix_has_executable_typed_predicates) ... ok
test_0_2_3_matrix_retains_canonical_ids_and_adds_parity_inputs (test_release_verification.AcceptanceMatrixTests.test_0_2_3_matrix_retains_canonical_ids_and_adds_parity_inputs) ... ok
test_every_release_blocker_has_required_machine_fields (test_release_verification.AcceptanceMatrixTests.test_every_release_blocker_has_required_machine_fields) ... ok
test_core_manifest_and_exclusions_are_fixed (test_release_verification.CoverageManifestTests.test_core_manifest_and_exclusions_are_fixed) ... ok
test_all_package_raw_values_and_format_names (test_release_verification.CoverageSummaryTests.test_all_package_raw_values_and_format_names) ... ok
test_line_branch_combined_are_distinct (test_release_verification.CoverageSummaryTests.test_line_branch_combined_are_distinct) ... ok
test_thresholds_use_unrounded_fractions (test_release_verification.CoverageSummaryTests.test_thresholds_use_unrounded_fractions) ... ok
test_root_build_and_verification_configs_are_hashed (test_release_verification.EnvironmentManifestTests.test_root_build_and_verification_configs_are_hashed) ... ok
test_emb_column_is_parsed_by_header_position_not_whitespace_field (test_release_verification.PdfFontTableTests.test_emb_column_is_parsed_by_header_position_not_whitespace_field) ... ok
test_verification_time_comes_from_sealed_utc_fields (test_release_verification.ReleaseDocumentTests.test_verification_time_comes_from_sealed_utc_fields) ... ok
test_fifty_thousand_node_scene_stays_bounded_and_focus_recovers_exact_ids (test_scene_api_070.ScenePythonIntegrationTests.test_fifty_thousand_node_scene_stays_bounded_and_focus_recovers_exact_ids) ... ok
test_python_scene_api_and_explicit_project_workspace_export (test_scene_api_070.ScenePythonIntegrationTests.test_python_scene_api_and_explicit_project_workspace_export) ... ok
test_graph_to_scene_has_exact_provenance_and_persists_in_project_1_4 (test_scene_api_070.SceneStudioAPITests.test_graph_to_scene_has_exact_provenance_and_persists_in_project_1_4) ... ok
test_pick_transform_and_every_scene_download_surface (test_scene_api_070.SceneStudioAPITests.test_pick_transform_and_every_scene_download_surface) ... ok
test_scene_routes_reject_malformed_or_unsupported_documents (test_scene_api_070.SceneStudioAPITests.test_scene_routes_reject_malformed_or_unsupported_documents) ... ok
test_template_catalog_projection_validation_and_capabilities (test_scene_api_070.SceneStudioAPITests.test_template_catalog_projection_validation_and_capabilities) ... ok
test_comparison_outputs_pair_native_svg_and_300dpi_png (test_scene_artifact_corpus_070.SceneArtifactCorpus070Tests.test_comparison_outputs_pair_native_svg_and_300dpi_png) ... ok
test_eps_operator_scanner_ignores_label_strings_but_rejects_raster_code (test_scene_artifact_corpus_070.SceneArtifactCorpus070Tests.test_eps_operator_scanner_ignores_label_strings_but_rejects_raster_code) ... ok
test_exact_case_plan_has_seven_templates_and_seven_real_models (test_scene_artifact_corpus_070.SceneArtifactCorpus070Tests.test_exact_case_plan_has_seven_templates_and_seven_real_models) ... ok
test_one_template_generates_all_formats_and_revalidates_independently (test_scene_artifact_corpus_070.SceneArtifactCorpus070Tests.test_one_template_generates_all_formats_and_revalidates_independently) ... ok
test_project_is_explicit_project_1_4_with_reloadable_scene_1_0 (test_scene_artifact_corpus_070.SceneArtifactCorpus070Tests.test_project_is_explicit_project_1_4_with_reloadable_scene_1_0) ... ok
test_report_gate_requires_the_complete_168_file_tree (test_scene_artifact_corpus_070.SceneArtifactCorpus070Tests.test_report_gate_requires_the_complete_168_file_tree) ... ok
test_validator_rejects_remote_html_dependency (test_scene_artifact_corpus_070.SceneArtifactCorpus070Tests.test_validator_rejects_remote_html_dependency) ... ok
test_validator_rejects_svg_raster_substitution (test_scene_artifact_corpus_070.SceneArtifactCorpus070Tests.test_validator_rejects_svg_raster_substitution) ... ok
test_editor_frame_scene_is_aspect_aware_across_six_required_viewports (test_scene_camera_072.SceneCamera072Tests.test_editor_frame_scene_is_aspect_aware_across_six_required_viewports) ... ok
test_all_nonoptional_formats_export_and_validate (test_scene_exports_070.SceneExports070Tests.test_all_nonoptional_formats_export_and_validate) ... ok
test_export_policy_makes_physical_and_vector_claims_explicit (test_scene_exports_070.SceneExports070Tests.test_export_policy_makes_physical_and_vector_claims_explicit) ... ok
test_external_and_executable_asset_uris_are_rejected (test_scene_exports_070.SceneExports070Tests.test_external_and_executable_asset_uris_are_rejected) ... ok
test_glb_parses_and_retains_nonzero_z_buffer_data (test_scene_exports_070.SceneExports070Tests.test_glb_parses_and_retains_nonzero_z_buffer_data) ... ok
test_gltf_embeds_real_3d_coordinates_cameras_materials_and_provenance (test_scene_exports_070.SceneExports070Tests.test_gltf_embeds_real_3d_coordinates_cameras_materials_and_provenance) ... ok
test_offline_html_embeds_interactive_svg_and_escapes_text (test_scene_exports_070.SceneExports070Tests.test_offline_html_embeds_interactive_svg_and_escapes_text) ... ok
test_png_is_a_real_300_dpi_cpu_proof (test_scene_exports_070.SceneExports070Tests.test_png_is_a_real_300_dpi_cpu_proof) ... ok
test_powerpoint_contains_editable_shapes_and_no_flattened_media (test_scene_exports_070.SceneExports070Tests.test_powerpoint_contains_editable_shapes_and_no_flattened_media) ... ok
test_scene_json_is_source_preserving_and_reloadable (test_scene_exports_070.SceneExports070Tests.test_scene_json_is_source_preserving_and_reloadable) ... ok
test_svg_pdf_tikz_and_eps_are_native_vectors (test_scene_exports_070.SceneExports070Tests.test_svg_pdf_tikz_and_eps_are_native_vectors) ... ok
test_camera_rotation_changes_projection_without_changing_world_coordinates (test_scene_ir_070.SceneIR070Tests.test_camera_rotation_changes_projection_without_changing_world_coordinates) ... ok
test_matrix_inverse_reconstructs_identity (test_scene_ir_070.SceneIR070Tests.test_matrix_inverse_reconstructs_identity) ... ok
test_orthographic_and_perspective_are_real_distinct_projections (test_scene_ir_070.SceneIR070Tests.test_orthographic_and_perspective_are_real_distinct_projections) ... ok
test_ray_picking_returns_nearest_depth_first (test_scene_ir_070.SceneIR070Tests.test_ray_picking_returns_nearest_depth_first) ... ok
test_roundtrip_has_deterministic_ids_digest_world_and_projection_records (test_scene_ir_070.SceneIR070Tests.test_roundtrip_has_deterministic_ids_digest_world_and_projection_records) ... ok
test_selection_visibility_and_lock_state_roundtrip (test_scene_ir_070.SceneIR070Tests.test_selection_visibility_and_lock_state_roundtrip) ... ok
test_strict_parser_rejects_malicious_nonfinite_and_inconsistent_payloads (test_scene_ir_070.SceneIR070Tests.test_strict_parser_rejects_malicious_nonfinite_and_inconsistent_payloads) ... ok
test_xyz_object_and_group_transforms_are_composed_and_locks_are_enforced (test_scene_ir_070.SceneIR070Tests.test_xyz_object_and_group_transforms_are_composed_and_locks_are_enforced) ... ok
test_degenerate_matrix_and_projection_inputs_fail_explicitly (test_scene_math_070.SceneMath070Tests.test_degenerate_matrix_and_projection_inputs_fail_explicitly) ... ok
test_numeric_vector_and_matrix_validation_rejects_invalid_values (test_scene_math_070.SceneMath070Tests.test_numeric_vector_and_matrix_validation_rejects_invalid_values) ... ok
test_pick_aabbs_filters_misses_and_sorts_tied_hits_by_identifier (test_scene_math_070.SceneMath070Tests.test_pick_aabbs_filters_misses_and_sorts_tied_hits_by_identifier) ... ok
test_projection_guards_keep_camera_plane_results_finite (test_scene_math_070.SceneMath070Tests.test_projection_guards_keep_camera_plane_results_finite) ... ok
test_ray_aabb_intersection_covers_parallel_reversed_and_behind_cases (test_scene_math_070.SceneMath070Tests.test_ray_aabb_intersection_covers_parallel_reversed_and_behind_cases) ... ok
test_all_seven_legacy_projects_migrate_without_inventing_scene_evidence (test_scene_migration_report_070.SceneMigrationReport070Tests.test_all_seven_legacy_projects_migrate_without_inventing_scene_evidence) ... ok
test_non_legacy_input_cannot_receive_a_positive_migration_verdict (test_scene_migration_report_070.SceneMigrationReport070Tests.test_non_legacy_input_cannot_receive_a_positive_migration_verdict) ... ok
test_missing_font_resource_fails_explicitly_without_base14_fallback (test_scene_pdf_fonts_072.ScenePdfFonts072Tests.test_missing_font_resource_fails_explicitly_without_base14_fallback) ... ok
test_native_pdf_embeds_unicode_fonts_and_roundtrips_required_scripts (test_scene_pdf_fonts_072.ScenePdfFonts072Tests.test_native_pdf_embeds_unicode_fonts_and_roundtrips_required_scripts) ... ok
test_packaged_fonts_and_redistribution_licenses_exist (test_scene_pdf_fonts_072.ScenePdfFonts072Tests.test_packaged_fonts_and_redistribution_licenses_exist) ... ok
test_unsupported_unicode_fails_instead_of_silent_font_substitution (test_scene_pdf_fonts_072.ScenePdfFonts072Tests.test_unsupported_unicode_fails_instead_of_silent_font_substitution) ... ok
test_backface_culling_and_hidden_edges_are_real_visibility_options (test_scene_projection_070.SceneProjection070Tests.test_backface_culling_and_hidden_edges_are_real_visibility_options) ... ok
test_camera_changes_reverse_depth_order (test_scene_projection_070.SceneProjection070Tests.test_camera_changes_reverse_depth_order) ... ok
test_camera_matrices_project_the_view_target_to_page_center (test_scene_projection_070.SceneProjection070Tests.test_camera_matrices_project_the_view_target_to_page_center) ... ok
test_hidden_layer_objects_do_not_leak_into_projection (test_scene_projection_070.SceneProjection070Tests.test_hidden_layer_objects_do_not_leak_into_projection) ... ok
test_nearer_opaque_face_occludes_far_edges (test_scene_projection_070.SceneProjection070Tests.test_nearer_opaque_face_occludes_far_edges) ... ok
test_orthographic_and_perspective_produce_different_extents (test_scene_projection_070.SceneProjection070Tests.test_orthographic_and_perspective_produce_different_extents) ... ok
test_projector_uses_scene_camera_matrices_including_rotation (test_scene_projection_070.SceneProjection070Tests.test_projector_uses_scene_camera_matrices_including_rotation) ... ok
test_routes_arrows_beziers_and_collision_free_billboard_labels (test_scene_projection_070.SceneProjection070Tests.test_routes_arrows_beziers_and_collision_free_billboard_labels) ... ok
test_strokes_are_physical_and_projection_is_deterministic (test_scene_projection_070.SceneProjection070Tests.test_strokes_are_physical_and_projection_is_deterministic) ... ok
test_all_seven_open_as_template_only_scene_in_empty_project_1_4 (test_scene_template_ui_070.SceneTemplateStartCenterTests.test_all_seven_open_as_template_only_scene_in_empty_project_1_4) ... ok
test_start_center_wires_exact_scene_template_catalog_to_open_action (test_scene_template_ui_070.SceneTemplateStartCenterTests.test_start_center_wires_exact_scene_template_catalog_to_open_action) ... ok
test_before_after_proof_preserves_all_fourteen_original_pngs (test_scene_ux_071.ScenePublicationUx071Tests.test_before_after_proof_preserves_all_fourteen_original_pngs) ... ok
test_density_levels_are_real_and_monotonic (test_scene_ux_071.ScenePublicationUx071Tests.test_density_levels_are_real_and_monotonic) ... ok
test_downloaded_svg_validator_measures_arrow_and_bezier_routes (test_scene_ux_071.ScenePublicationUx071Tests.test_downloaded_svg_validator_measures_arrow_and_bezier_routes) ... ok
test_inspector_has_the_required_six_groups_in_order (test_scene_ux_071.ScenePublicationUx071Tests.test_inspector_has_the_required_six_groups_in_order) ... ok
test_paper_projection_retains_directional_coloured_skip_routes (test_scene_ux_071.ScenePublicationUx071Tests.test_paper_projection_retains_directional_coloured_skip_routes) ... ok
test_scene_batch_isolates_failure_and_cancels_remaining_work (test_scene_ux_071.ScenePublicationUx071Tests.test_scene_batch_isolates_failure_and_cancels_remaining_work) ... ok
test_scene_ux_entry_points_are_visible_and_not_test_only (test_scene_ux_071.ScenePublicationUx071Tests.test_scene_ux_entry_points_are_visible_and_not_test_only) ... ok
test_visual_oracle_truth_fixtures_cover_known_regressions (test_scene_ux_071.ScenePublicationUx071Tests.test_visual_oracle_truth_fixtures_cover_known_regressions) ... ok
test_actual_svg_oracle_rejects_small_fonts_and_route_crossing_after_rehash (test_scene_visual_evidence_070.SceneVisualEvidence070Tests.test_actual_svg_oracle_rejects_small_fonts_and_route_crossing_after_rehash) ... ok
test_architecture_pair_requires_real_3d_objects_and_distinct_png (test_scene_visual_evidence_070.SceneVisualEvidence070Tests.test_architecture_pair_requires_real_3d_objects_and_distinct_png) ... ok
test_complete_evidence_passes_cli_and_records_independent_scope (test_scene_visual_evidence_070.SceneVisualEvidence070Tests.test_complete_evidence_passes_cli_and_records_independent_scope) ... ok
test_fourteen_real_architecture_images_must_all_be_distinct (test_scene_visual_evidence_070.SceneVisualEvidence070Tests.test_fourteen_real_architecture_images_must_all_be_distinct) ... ok
test_independent_ihdr_check_rejects_wrong_viewport_even_with_updated_hash (test_scene_visual_evidence_070.SceneVisualEvidence070Tests.test_independent_ihdr_check_rejects_wrong_viewport_even_with_updated_hash) ... ok
test_path_traversal_and_unmanifested_png_are_rejected (test_scene_visual_evidence_070.SceneVisualEvidence070Tests.test_path_traversal_and_unmanifested_png_are_rejected) ... ok
test_producer_pass_does_not_hide_png_hash_tampering (test_scene_visual_evidence_070.SceneVisualEvidence070Tests.test_producer_pass_does_not_hide_png_hash_tampering) ... ok
test_seven_scene_templates_are_separate_from_real_model_pairs (test_scene_visual_evidence_070.SceneVisualEvidence070Tests.test_seven_scene_templates_are_separate_from_real_model_pairs) ... ok
test_structured_dom_quality_and_download_payload_are_hard_gates (test_scene_visual_evidence_070.SceneVisualEvidence070Tests.test_structured_dom_quality_and_download_payload_are_hard_gates) ... ok
test_names_keys_class_like_ops_and_requested_layout_do_not_create_family_evidence (test_scientific_fidelity_072.ScientificFidelity072Tests.test_names_keys_class_like_ops_and_requested_layout_do_not_create_family_evidence) ... ok
test_parity_oracle_rejects_deleted_critical_routes (test_scientific_fidelity_072.ScientificFidelity072Tests.test_parity_oracle_rejects_deleted_critical_routes) ... ok
test_parity_oracle_rejects_repeat_role_and_evidence_mutations (test_scientific_fidelity_072.ScientificFidelity072Tests.test_parity_oracle_rejects_repeat_role_and_evidence_mutations) ... ok
test_scientific_roles_repetitions_and_critical_routes_are_explicit (test_scientific_fidelity_072.ScientificFidelity072Tests.test_scientific_roles_repetitions_and_critical_routes_are_explicit) ... ok
test_seven_landed_figure_scene_pairs_pass_independent_parity (test_scientific_fidelity_072.ScientificFidelity072Tests.test_seven_landed_figure_scene_pairs_pass_independent_parity) ... ok
test_seven_real_models_have_source_bound_architecture_evidence (test_scientific_fidelity_072.ScientificFidelity072Tests.test_seven_real_models_have_source_bound_architecture_evidence) ... ok
test_safe_formats_and_restricted_code_pickle (test_semantic_canvas.ImportWizardTests.test_safe_formats_and_restricted_code_pickle) ... ok
test_sample_multi_dynamic_scale_recommendation_and_saved_config (test_semantic_canvas.ImportWizardTests.test_sample_multi_dynamic_scale_recommendation_and_saved_config) ... ok
test_10k_summary_first_view_and_viewport_budgets (test_semantic_canvas.LazyCanvasTests.test_10k_summary_first_view_and_viewport_budgets) ... ok
test_boundary_proxies_are_stable_and_source_traceable (test_semantic_canvas.LazyCanvasTests.test_boundary_proxies_are_stable_and_source_traceable) ... ok
test_success_failure_cancel_retry_and_refresh_recovery (test_semantic_canvas.LocalTaskTests.test_success_failure_cancel_retry_and_refresh_recovery) ... ok
test_three_reviewable_candidates_metrics_proof_apply_undo_and_protection (test_semantic_canvas.PaperOptimizerTests.test_three_reviewable_candidates_metrics_proof_apply_undo_and_protection) ... ok
test_complete_server_workflow_recovery_and_artifacts (test_semantic_canvas.SemanticServerTests.test_complete_server_workflow_recovery_and_artifacts) ... ok
test_import_inspection_and_capabilities_expose_workflow (test_semantic_canvas.SemanticServerTests.test_import_inspection_and_capabilities_expose_workflow) ... ok
test_semantic_summary_viewport_neighborhood_optimizer_and_tasks_api (test_semantic_canvas.SemanticServerTests.test_semantic_summary_viewport_neighborhood_optimizer_and_tasks_api) ... ok
test_five_levels_are_independent_versioned_and_bidirectionally_traceable (test_semantic_canvas.SemanticViewTests.test_five_levels_are_independent_versioned_and_bidirectionally_traceable) ... ok
test_python_api_and_project_migrate_level_view_state (test_semantic_canvas.SemanticViewTests.test_python_api_and_project_migrate_level_view_state) ... ok
test_required_semantics_have_confidence_reasons_and_provenance (test_semantic_canvas.SemanticViewTests.test_required_semantics_have_confidence_reasons_and_provenance) ... ok
test_unknown_is_explicit_and_faithful_paper_views_do_not_mutate_source (test_semantic_canvas.SemanticViewTests.test_unknown_is_explicit_and_faithful_paper_views_do_not_mutate_source) ... ok
test_digest_covers_ports_tensors_edge_bindings_and_nested_schema (test_semantic_evidence_061.SemanticEvidence061Tests.test_digest_covers_ports_tensors_edge_bindings_and_nested_schema) ... ok
test_framework_and_module_selection_aliases_preserve_persisted_levels (test_semantic_evidence_061.SemanticEvidence061Tests.test_framework_and_module_selection_aliases_preserve_persisted_levels) ... ok
test_keyword_only_display_names_do_not_create_structural_claims (test_semantic_evidence_061.SemanticEvidence061Tests.test_keyword_only_display_names_do_not_create_structural_claims) ... ok
test_materialize_preserves_parallel_edges_exact_bindings_and_unknowns (test_semantic_evidence_061.SemanticEvidence061Tests.test_materialize_preserves_parallel_edges_exact_bindings_and_unknowns) ... ok
test_validation_rejects_inconsistent_indexes_and_unknown_source_ids (test_semantic_evidence_061.SemanticEvidence061Tests.test_validation_rejects_inconsistent_indexes_and_unknown_source_ids) ... ok
test_complete_landed_svg_pdf_and_tikz_pass (test_semantic_presentation_oracle_073.SemanticPresentationOracle073Tests.test_complete_landed_svg_pdf_and_tikz_pass) ... ok
test_deleted_and_reversed_routes_are_blocked (test_semantic_presentation_oracle_073.SemanticPresentationOracle073Tests.test_deleted_and_reversed_routes_are_blocked) ... ok
test_deleted_role_label_is_blocked (test_semantic_presentation_oracle_073.SemanticPresentationOracle073Tests.test_deleted_role_label_is_blocked) ... ok
test_metadata_only_hidden_label_is_blocked (test_semantic_presentation_oracle_073.SemanticPresentationOracle073Tests.test_metadata_only_hidden_label_is_blocked) ... ok
test_off_page_label_is_blocked (test_semantic_presentation_oracle_073.SemanticPresentationOracle073Tests.test_off_page_label_is_blocked) ... ok
test_repeat_count_mutation_is_blocked (test_semantic_presentation_oracle_073.SemanticPresentationOracle073Tests.test_repeat_count_mutation_is_blocked) ... ok
test_stale_evidence_digest_is_blocked (test_semantic_presentation_oracle_073.SemanticPresentationOracle073Tests.test_stale_evidence_digest_is_blocked) ... ok
test_wrong_role_binding_is_blocked (test_semantic_presentation_oracle_073.SemanticPresentationOracle073Tests.test_wrong_role_binding_is_blocked) ... ok
test_forged_pid_identity_is_rejected_before_health_or_signal (test_service_lifecycle_073.ServiceLifecycle073Tests.test_forged_pid_identity_is_rejected_before_health_or_signal) ... ok
test_four_wrappers_default_to_localhost_lifecycle_controller (test_service_lifecycle_073.ServiceLifecycle073Tests.test_four_wrappers_default_to_localhost_lifecycle_controller) ... ok
test_health_is_machine_readable_and_identity_bound (test_service_lifecycle_073.ServiceLifecycle073Tests.test_health_is_machine_readable_and_identity_bound) ... ok
test_cancelled_query_returns_partial_without_positive_completion_claim (test_structure_lens.StructureLensTests.test_cancelled_query_returns_partial_without_positive_completion_claim) ... ok
test_pathway_timeline_warning_overlay_repeat_and_unknown (test_structure_lens.StructureLensTests.test_pathway_timeline_warning_overlay_repeat_and_unknown) ... ok
test_upstream_downstream_and_bounded_paths (test_structure_lens.StructureLensTests.test_upstream_downstream_and_bounded_paths) ... ok
test_ambiguous_binding_is_unknown_and_never_guesses_first_port (test_structure_lens_061.StructureLensEvidenceTests.test_ambiguous_binding_is_unknown_and_never_guesses_first_port) ... ok
test_cycle_scc_depth_and_elapsed_time_are_bounded (test_structure_lens_061.StructureLensEvidenceTests.test_cycle_scc_depth_and_elapsed_time_are_bounded) ... ok
test_keyword_only_pathway_does_not_create_positive_claim (test_structure_lens_061.StructureLensEvidenceTests.test_keyword_only_pathway_does_not_create_positive_claim) ... ok
test_multi_input_output_shared_node_preserves_parallel_paths_and_ports (test_structure_lens_061.StructureLensEvidenceTests.test_multi_input_output_shared_node_preserves_parallel_paths_and_ports) ... ok
test_queue_generated_state_and_memory_limits_are_hard_and_reported (test_structure_lens_061.StructureLensEvidenceTests.test_queue_generated_state_and_memory_limits_are_hard_and_reported) ... ok
test_semantic_view_detections_are_consulted_before_graph_fallback (test_structure_lens_061.StructureLensEvidenceTests.test_semantic_view_detections_are_consulted_before_graph_fallback) ... ok
test_shape_checks_follow_exact_target_port (test_structure_lens_061.StructureLensEvidenceTests.test_shape_checks_follow_exact_target_port) ... ok
test_manual_geometry_and_multi_input_output (test_tensor_geometry.TensorGeometryTests.test_manual_geometry_and_multi_input_output) ... ok
test_operator_families_routes_and_transitions (test_tensor_geometry.TensorGeometryTests.test_operator_families_routes_and_transitions) ... ok
test_required_shapes_generate_real_polygons_and_authoritative_labels (test_tensor_geometry.TensorGeometryTests.test_required_shapes_generate_real_polygons_and_authoritative_labels) ... ok
test_dynamic_input_output_roles_and_trial_http_contract (test_trial_mode.TrialModeTests.test_dynamic_input_output_roles_and_trial_http_contract) ... ok
test_landed_machine_schema_matches_runtime_contract (test_trial_mode.TrialModeTests.test_landed_machine_schema_matches_runtime_contract) ... ok
test_privacy_allowlist_roundtrip_refresh_and_summary (test_trial_mode.TrialModeTests.test_privacy_allowlist_roundtrip_refresh_and_summary) ... ok
test_recorder_is_off_and_creates_nothing_before_explicit_consent (test_trial_mode.TrialModeTests.test_recorder_is_off_and_creates_nothing_before_explicit_consent) ... ok
test_six_external_cases_complete_editable_paper_workflow (test_trial_mode.TrialModeTests.test_six_external_cases_complete_editable_paper_workflow) ... ok
test_compact_paper_detailed_required_content_and_wrapping (test_vector_quality.LabelDensityTests.test_compact_paper_detailed_required_content_and_wrapping) ... ok
test_publication_layer_removes_editor_controls_but_preserves_moe_provenance (test_vector_quality.LabelDensityTests.test_publication_layer_removes_editor_controls_but_preserves_moe_provenance) ... ok
test_svg_and_tikz_render_option_branches_without_glyph_compression (test_vector_quality.LabelDensityTests.test_svg_and_tikz_render_option_branches_without_glyph_compression) ... ok
test_oracle_has_fixed_tolerances_and_no_layout_quality_import (test_vector_quality.OracleSourceIsolationTests.test_oracle_has_fixed_tolerances_and_no_layout_quality_import) ... ok
test_checksum_manifest_covers_nested_and_ambiguous_filenames (test_verification_closure.ExecutableMatrixTests.test_checksum_manifest_covers_nested_and_ambiguous_filenames) ... sealed_files=5 checksum_sha256=93b17667a3cc10da7b0d990572ff4b9cb154ce30ca7bf4627fa47e83fab6381f schema=nndv-sha256-manifest-2
ok
test_coverage_validator_enforces_predicate (test_verification_closure.ExecutableMatrixTests.test_coverage_validator_enforces_predicate) ... ok
test_full_and_finalize_logs_are_covered_and_tampering_fails (test_verification_closure.ExecutableMatrixTests.test_full_and_finalize_logs_are_covered_and_tampering_fails) ... ok
test_full_controller_cleanup_is_idempotent_after_self_contained_replay (test_verification_closure.ExecutableMatrixTests.test_full_controller_cleanup_is_idempotent_after_self_contained_replay) ... ok
test_matrix_treats_lock_as_typed_text_and_recomputes_wheel_rows (test_verification_closure.ExecutableMatrixTests.test_matrix_treats_lock_as_typed_text_and_recomputes_wheel_rows) ... ok
test_path_traversal_and_symlink_escape_are_errors (test_verification_closure.ExecutableMatrixTests.test_path_traversal_and_symlink_escape_are_errors) ... ok
test_post_seal_matrix_predicate_replays_pointer_type_and_threshold (test_verification_closure.ExecutableMatrixTests.test_post_seal_matrix_predicate_replays_pointer_type_and_threshold) ... ok
test_post_seal_named_graph_recomputes_each_run_budgets (test_verification_closure.ExecutableMatrixTests.test_post_seal_named_graph_recomputes_each_run_budgets) ... ok
test_post_seal_replay_disables_caches_and_rechecks_inventory (test_verification_closure.ExecutableMatrixTests.test_post_seal_replay_disables_caches_and_rechecks_inventory) ... ok
test_post_seal_spatial_gate_includes_nested_runs (test_verification_closure.ExecutableMatrixTests.test_post_seal_spatial_gate_includes_nested_runs) ... ok
test_post_seal_test_gate_cannot_be_resealed_down_to_frozen_73 (test_verification_closure.ExecutableMatrixTests.test_post_seal_test_gate_cannot_be_resealed_down_to_frozen_73) ... ok
test_release_decision_exists_only_after_two_clean_attestations (test_verification_closure.ExecutableMatrixTests.test_release_decision_exists_only_after_two_clean_attestations) ... ok
test_replay_source_and_runtime_manifests_require_exact_file_sets (test_verification_closure.ExecutableMatrixTests.test_replay_source_and_runtime_manifests_require_exact_file_sets) ... ok
test_schema_rejects_blanket_validator_and_missing_command (test_verification_closure.ExecutableMatrixTests.test_schema_rejects_blanket_validator_and_missing_command) ... ok
test_temporary_false_mutation_fails_only_dependent_requirement (test_verification_closure.ExecutableMatrixTests.test_temporary_false_mutation_fails_only_dependent_requirement) ... ok
test_verification_lock_expands_torch_cuda_toolkit_extras (test_verification_closure.ExecutableMatrixTests.test_verification_lock_expands_torch_cuda_toolkit_extras) ... ok
test_versioned_matrix_maps_legacy_ids_and_counts_unique_predicates (test_verification_closure.ExecutableMatrixTests.test_versioned_matrix_maps_legacy_ids_and_counts_unique_predicates) ... ok
test_wheel_identity_ignores_vendored_dist_info (test_verification_closure.ExecutableMatrixTests.test_wheel_identity_ignores_vendored_dist_info) ... ok
test_external_anchor_and_frozen_ids_match_immutable_values (test_verification_closure.TrustAnchorTests.test_external_anchor_and_frozen_ids_match_immutable_values) ... ok
test_json_pointer_requires_real_value_and_correct_escape (test_verification_closure.TrustAnchorTests.test_json_pointer_requires_real_value_and_correct_escape) ... ok
test_deep_json_is_rejected_with_actionable_400 (test_web_security.WebSecurityTests.test_deep_json_is_rejected_with_actionable_400) ... ok
test_export_format_whitelist (test_web_security.WebSecurityTests.test_export_format_whitelist) ... ok
test_legacy_3d_project_key_migrates_without_being_rewritten (test_web_security.WebSecurityTests.test_legacy_3d_project_key_migrates_without_being_rewritten) ... ok
test_malformed_json_is_400_not_500 (test_web_security.WebSecurityTests.test_malformed_json_is_400_not_500) ... ok
test_malicious_name_is_text_in_vector_and_html (test_web_security.WebSecurityTests.test_malicious_name_is_text_in_vector_and_html) ... ok
test_missing_assets_and_favicon_preserve_http_status (test_web_security.WebSecurityTests.test_missing_assets_and_favicon_preserve_http_status) ... ok
test_project_api_preserves_page_layout_comments_and_presentation (test_web_security.WebSecurityTests.test_project_api_preserves_page_layout_comments_and_presentation) ... ok
test_request_size_limit_returns_413 (test_web_security.WebSecurityTests.test_request_size_limit_returns_413) ... ok
test_security_headers_are_present (test_web_security.WebSecurityTests.test_security_headers_are_present) ... ok
test_upload_whitelist_and_malformed_onnx (test_web_security.WebSecurityTests.test_upload_whitelist_and_malformed_onnx) ... ok

----------------------------------------------------------------------
Ran 378 tests in 139.315s

OK
{"output": "/tmp/tmp7q7q6y03/environment.json", "sources": 443}
{"architecture_pairs": 7, "downloads": 10, "failures": 0, "scene_templates": 7, "screenshots": 44, "status": "PASS"}
{"failures": [], "release_audit": "PASS", "run_id": "run"}
{"failures": ["pre-seal verification.json may not self-claim release_audit"], "release_audit": "FAIL", "run_id": "run"}
NNDV_TEST_SUMMARY={"baseline_count": 353, "baseline_ids_missing": [], "collected": 378, "deselected": 0, "duration_seconds": 139.873, "errors": 0, "failures": 0, "inherited_0_3_tests": 359, "passed": 378, "product_0_4_tests": 14, "product_0_5_tests": 5, "skipped": 0, "successful": true, "tests": 378}
Wrote JSON report to /tmp/nndv-073-full-20260902T085430Z-aa89ee8a-piF1PH/work/quick/core-coverage.json
Wrote JSON report to /tmp/nndv-073-full-20260902T085430Z-aa89ee8a-piF1PH/work/quick/expanded-core-coverage.json
Wrote JSON report to /tmp/nndv-073-full-20260902T085430Z-aa89ee8a-piF1PH/work/quick/scene-core-coverage.json
Wrote JSON report to /tmp/nndv-073-full-20260902T085430Z-aa89ee8a-piF1PH/work/quick/all-package-coverage.json
core line=2630/2879=91.35% branch=837/1004=83.37% combined=3467/3883=89.29%
expanded_core line=2832/3094=91.53% branch=907/1084=83.67% combined=3739/4178=89.49%
all_package line=16475/18737=87.93% branch=5430/6974=77.86% combined=21905/25711=85.20%
valid Graph IR 1.0: 10 nodes, 10 edges
NNDV_073_QUICK_RESULT={"coverage": {"authoritative_parent_0_7_2_floors_percent": {"all_package": 84.86438488860188, "expanded_core": 89.42815953868333, "old_core": 89.21644685802949, "scene_core": 82.77905198776759}, "no_regression_from_0_7_2": true, "observed_percent": {"all_package": 85.19699739411146, "expanded_core": 89.49258018190521, "old_core": 89.28663404584084, "scene_core": 83.40832395950507}}, "elapsed_seconds": 157.338, "parent_0_7_2": {"test_count": 353, "test_ids_sha256": "934f1c14e1dc3e31d9a314d7f05fd2d0eab2afb54106f72f3f4b9a1b28bd331b"}, "python": {"baseline_0_7_2_missing": [], "collected": 378, "deselected": 0, "duration_seconds": 139.873, "errors": 0, "failed": 0, "inherited_0_7_2_tests": 353, "new_0_7_3_tests": 25, "passed": 378, "skipped": 0, "test_ids_sha256": "c9435f81582e4475f6fedecc47885d2db4117472b9c92039f138f3ab82895557"}, "release": "0.7.3 \u2014 Reader-Visible Scientific Completeness & Generalization Hotfix", "schema_version": "nndv-0.7.3-quick-verification-1", "status": "PASS"}
0.7.3 quick verification diagnostics: /tmp/nndv-073-full-20260902T085430Z-aa89ee8a-piF1PH/work/quick
