{
  "schema_version": "nndv-0.7.3-semantic-svg-dom-oracle-1",
  "oracle": "independent-browser-dom-ctm",
  "status": "PASS",
  "cases": [
    {
      "case_dir": "/tmp/nndv-073-full-20260902T085430Z-aa89ee8a-piF1PH/artifact-staging/exports/scene-corpus/real-models/bert_encoder",
      "family": "transformer",
      "expected_role_count": 5,
      "expected_route_count": 1,
      "status": "PASS",
      "blockers": [],
      "label_rows": [
        {
          "role_id": "architecture_role_embedding_0_module_token_embedding_6c4877e_43303c9f",
          "text": "Token + position embed.",
          "visible": true,
          "in_page": true,
          "ctm": [
            3.779427083333333,
            0,
            0,
            3.779427083333333,
            0.007812499999985767,
            0
          ],
          "box": {
            "left": 72.777722256879,
            "top": 131.67054009735583,
            "right": 174.168346474568,
            "bottom": 141.67054067632805
          }
        },
        {
          "role_id": "architecture_role_attention_1_module_encoder_0_self_attentio_1eb4f949",
          "text": "Self-attention ×3",
          "visible": true,
          "in_page": true,
          "ctm": [
            3.779427083333333,
            0,
            0,
            3.779427083333333,
            0.007812499999985767,
            0
          ],
          "box": {
            "left": 250.24289768934247,
            "top": 179.74782718916734,
            "right": 318.4460117350022,
            "bottom": 189.74782776813953
          }
        },
        {
          "role_id": "architecture_role_feed_forward_2_module_encoder_1_feed_forwa_f553b24e",
          "text": "FFN ×3",
          "visible": true,
          "in_page": true,
          "ctm": [
            3.779427083333333,
            0,
            0,
            3.779427083333333,
            0.007812499999985767,
            0
          ],
          "box": {
            "left": 293.45414934357007,
            "top": 255.25798161427178,
            "right": 324.8291509911418,
            "bottom": 265.257982193244
          }
        },
        {
          "role_id": "architecture_role_residual_norm_3_module_encoder_0_output_no_3abb8d02",
          "text": "Residual + norm ×3",
          "visible": true,
          "in_page": true,
          "ctm": [
            3.779427083333333,
            0,
            0,
            3.779427083333333,
            0.007812499999985767,
            0
          ],
          "box": {
            "left": 431.51479949553806,
            "top": 238.29564285576342,
            "right": 512.9366812159618,
            "bottom": 248.29564343473564
          }
        },
        {
          "role_id": "architecture_role_output_head_4_node_fx_getitem_5_27_1355851_9dc4c414",
          "text": "Classifier / output",
          "visible": true,
          "in_page": true,
          "ctm": [
            3.779427083333333,
            0,
            0,
            3.779427083333333,
            0.007812499999985767,
            0
          ],
          "box": {
            "left": 486.0180526415507,
            "top": 287.7961694777012,
            "right": 558.4917503197988,
            "bottom": 297.79617005667336
          }
        }
      ],
      "boundary": {
        "left": 0,
        "top": 0,
        "right": 680.3125,
        "bottom": 453.53125
      }
    },
    {
      "case_dir": "/tmp/nndv-073-full-20260902T085430Z-aa89ee8a-piF1PH/artifact-staging/exports/scene-corpus/real-models/diffusion_unet",
      "family": "diffusion-unet",
      "expected_role_count": 6,
      "expected_route_count": 3,
      "status": "PASS",
      "blockers": [],
      "label_rows": [
        {
          "role_id": "architecture_role_input_0_node_fx_noisy_latent_0_6bca5c91_e18d48aa",
          "text": "Noisy latent / input",
          "visible": true,
          "in_page": true,
          "ctm": [
            3.779427083333333,
            0,
            0,
            3.779427083333333,
            0.007812499999985767,
            0
          ],
          "box": {
            "left": 80.99054833402235,
            "top": 92.71618999143442,
            "right": 158.13742749790347,
            "bottom": 102.71619057040661
          }
        },
        {
          "role_id": "architecture_role_conditioning_1_node_fx_timestep_1_f1517b44_4058216a",
          "text": "Timestep conditioning",
          "visible": true,
          "in_page": true,
          "ctm": [
            3.779427083333333,
            0,
            0,
            3.779427083333333,
            0.007812499999985767,
            0
          ],
          "box": {
            "left": 278.5514616688092,
            "top": 128.4051643470923,
            "right": 368.9577150305112,
            "bottom": 138.40516492606451
          }
        },
        {
          "role_id": "architecture_role_down_path_2_module_downsample_fce0c560_mod_bff5f9ce",
          "text": "Conditioned down path",
          "visible": true,
          "in_page": true,
          "ctm": [
            3.779427083333333,
            0,
            0,
            3.779427083333333,
            0.007812499999985767,
            0
          ],
          "box": {
            "left": 54.36789395163455,
            "top": 205.20048314829666,
            "right": 149.80539860427376,
            "bottom": 215.20048372726887
          }
        },
        {
          "role_id": "architecture_role_bottleneck_3_node_fx_silu_1_20_0560e3e3_mo_9e2af987",
          "text": "Mid / bottleneck",
          "visible": true,
          "in_page": true,
          "ctm": [
            3.779427083333333,
            0,
            0,
            3.779427083333333,
            0.007812499999985767,
            0
          ],
          "box": {
            "left": 245.93544884125387,
            "top": 351.81488692959147,
            "right": 311.60023348778486,
            "bottom": 361.8148875085637
          }
        },
        {
          "role_id": "architecture_role_up_path_4_module_decoder_conditioned_conv2_6167e54f",
          "text": "Conditioned up path",
          "visible": true,
          "in_page": true,
          "ctm": [
            3.779427083333333,
            0,
            0,
            3.779427083333333,
            0.007812499999985767,
            0
          ],
          "box": {
            "left": 377.8465427597364,
            "top": 332.1929326454798,
            "right": 461.362172644337,
            "bottom": 342.192933224452
          }
        },
        {
          "role_id": "architecture_role_output_head_5_module_denoised_output_91b07_3425aee8",
          "text": "Denoised output",
          "visible": true,
          "in_page": true,
          "ctm": [
            3.779427083333333,
            0,
            0,
            3.779427083333333,
            0.007812499999985767,
            0
          ],
          "box": {
            "left": 498.057998462518,
            "top": 249.2047622481982,
            "right": 566.4050483231744,
            "bottom": 259.2047628271704
          }
        }
      ],
      "boundary": {
        "left": 0,
        "top": 0,
        "right": 680.3125,
        "bottom": 453.53125
      }
    },
    {
      "case_dir": "/tmp/nndv-073-full-20260902T085430Z-aa89ee8a-piF1PH/artifact-staging/exports/scene-corpus/real-models/image_text",
      "family": "multimodal-fusion",
      "expected_role_count": 4,
      "expected_route_count": 2,
      "status": "PASS",
      "blockers": [],
      "label_rows": [
        {
          "role_id": "architecture_role_image_lane_0_node_fx_image_0_a96ed448_modu_eea979b1",
          "text": "Image encoder / representation",
          "visible": true,
          "in_page": true,
          "ctm": [
            3.779427083333333,
            0,
            0,
            3.779427083333333,
            0.007812499999985767,
            0
          ],
          "box": {
            "left": 78.47613735198973,
            "top": 229.49572704831758,
            "right": 208.11676940023895,
            "bottom": 239.4957276272898
          }
        },
        {
          "role_id": "architecture_role_text_lane_1_node_fx_mean_12_0803e404_modul_faa01af6",
          "text": "Text encoder / attention",
          "visible": true,
          "in_page": true,
          "ctm": [
            3.779427083333333,
            0,
            0,
            3.779427083333333,
            0.007812499999985767,
            0
          ],
          "box": {
            "left": 73.02493690301974,
            "top": 79.11521062503257,
            "right": 170.0093172435959,
            "bottom": 89.11521120400478
          }
        },
        {
          "role_id": "architecture_role_fusion_2_node_fx_cat_15_cd86490b_module_mo_6d6dcedf",
          "text": "Gated fusion",
          "visible": true,
          "in_page": true,
          "ctm": [
            3.779427083333333,
            0,
            0,
            3.779427083333333,
            0.007812499999985767,
            0
          ],
          "box": {
            "left": 309.2390070637067,
            "top": 322.485400134325,
            "right": 362.14525893007715,
            "bottom": 332.4854007132972
          }
        },
        {
          "role_id": "architecture_role_output_head_3_node_fx_sub_19_9f3908ea_node_962ae860",
          "text": "Output head",
          "visible": true,
          "in_page": true,
          "ctm": [
            3.779427083333333,
            0,
            0,
            3.779427083333333,
            0.007812499999985767,
            0
          ],
          "box": {
            "left": 506.0235954761505,
            "top": 299.7900085488955,
            "right": 557.3829428198437,
            "bottom": 309.79000912786773
          }
        }
      ],
      "boundary": {
        "left": 0,
        "top": 0,
        "right": 680.3125,
        "bottom": 453.53125
      }
    },
    {
      "case_dir": "/tmp/nndv-073-full-20260902T085430Z-aa89ee8a-piF1PH/artifact-staging/exports/scene-corpus/real-models/multiscale_unet",
      "family": "unet",
      "expected_role_count": 9,
      "expected_route_count": 3,
      "status": "PASS",
      "blockers": [],
      "label_rows": [
        {
          "role_id": "architecture_role_input_0_node_fx_image_0_a96ed448_7702b4c9",
          "text": "Image input",
          "visible": true,
          "in_page": true,
          "ctm": [
            3.779427083333333,
            0,
            0,
            3.779427083333333,
            0.007812499999985767,
            0
          ],
          "box": {
            "left": 115.75226952781279,
            "top": 81.80405015995105,
            "right": 164.90561506325997,
            "bottom": 91.80405073892325
          }
        },
        {
          "role_id": "architecture_role_encoder_level_1_module_encoder1_5_8ba19639_01a447ee",
          "text": "Encoder level 1",
          "visible": true,
          "in_page": true,
          "ctm": [
            3.779427083333333,
            0,
            0,
            3.779427083333333,
            0.007812499999985767,
            0
          ],
          "box": {
            "left": 93.36625307997066,
            "top": 160.05083049337068,
            "right": 157.67874607493476,
            "bottom": 170.05083107234287
          }
        },
        {
          "role_id": "architecture_role_encoder_level_2_module_encoder2_5_17c26924_6a5921cb",
          "text": "Encoder level 2",
          "visible": true,
          "in_page": true,
          "ctm": [
            3.779427083333333,
            0,
            0,
            3.779427083333333,
            0.007812499999985767,
            0
          ],
          "box": {
            "left": 131.90261479020114,
            "top": 222.46206884185472,
            "right": 196.21511499385036,
            "bottom": 232.46206942082694
          }
        },
        {
          "role_id": "architecture_role_encoder_level_3_module_encoder3_5_b4081b1c_45dcb163",
          "text": "Encoder level 3",
          "visible": true,
          "in_page": true,
          "ctm": [
            3.779427083333333,
            0,
            0,
            3.779427083333333,
            0.007812499999985767,
            0
          ],
          "box": {
            "left": 170.3824315746625,
            "top": 284.8732495208581,
            "right": 234.69493177831168,
            "bottom": 294.87325009983033
          }
        },
        {
          "role_id": "architecture_role_bottleneck_4_module_bottleneck_4_66dc577a__be36d097",
          "text": "Bottleneck",
          "visible": true,
          "in_page": true,
          "ctm": [
            3.779427083333333,
            0,
            0,
            3.779427083333333,
            0.007812499999985767,
            0
          ],
          "box": {
            "left": 270.84924117326733,
            "top": 375.45856661995253,
            "right": 314.7422794493536,
            "bottom": 385.4585671989247
          }
        },
        {
          "role_id": "architecture_role_decoder_level_5_node_fx_cat_29_2b5dd4a7_a3089f9b",
          "text": "Decoder level 1",
          "visible": true,
          "in_page": true,
          "ctm": [
            3.779427083333333,
            0,
            0,
            3.779427083333333,
            0.007812499999985767,
            0
          ],
          "box": {
            "left": 379.0617828905582,
            "top": 343.0594198743502,
            "right": 443.8899131293098,
            "bottom": 353.05942045332245
          }
        },
        {
          "role_id": "architecture_role_decoder_level_6_node_fx_cat_1_37_a682ee08_b7dae19e",
          "text": "Decoder level 2",
          "visible": true,
          "in_page": true,
          "ctm": [
            3.779427083333333,
            0,
            0,
            3.779427083333333,
            0.007812499999985767,
            0
          ],
          "box": {
            "left": 440.45861507455504,
            "top": 321.2493124862512,
            "right": 505.28674531330665,
            "bottom": 331.24931306522336
          }
        },
        {
          "role_id": "architecture_role_decoder_level_7_node_fx_cat_2_45_33f41fce_5c9f5ae9",
          "text": "Decoder level 3",
          "visible": true,
          "in_page": true,
          "ctm": [
            3.779427083333333,
            0,
            0,
            3.779427083333333,
            0.007812499999985767,
            0
          ],
          "box": {
            "left": 501.8920962134997,
            "top": 299.4906751096249,
            "right": 566.7202264522513,
            "bottom": 309.49067568859704
          }
        },
        {
          "role_id": "architecture_role_output_head_8_module_segmentation_head_e43_3bc6a70a",
          "text": "Segmentation head",
          "visible": true,
          "in_page": true,
          "ctm": [
            3.779427083333333,
            0,
            0,
            3.779427083333333,
            0.007812499999985767,
            0
          ],
          "box": {
            "left": 483.08339694539706,
            "top": 231.14991843104363,
            "right": 563.9896486307184,
            "bottom": 241.14991901001582
          }
        }
      ],
      "boundary": {
        "left": 0,
        "top": 0,
        "right": 680.3125,
        "bottom": 453.53125
      }
    },
    {
      "case_dir": "/tmp/nndv-073-full-20260902T085430Z-aa89ee8a-piF1PH/artifact-staging/exports/scene-corpus/real-models/resnet50",
      "family": "resnet",
      "expected_role_count": 6,
      "expected_route_count": 4,
      "status": "PASS",
      "blockers": [],
      "label_rows": [
        {
          "role_id": "architecture_role_input_stem_0_module_layer1_2_conv2_a887a90_b8f8888a",
          "text": "Input / stem",
          "visible": true,
          "in_page": true,
          "ctm": [
            3.779427083333333,
            0,
            0,
            3.779427083333333,
            0.007812499999985767,
            0
          ],
          "box": {
            "left": 106.39530258079368,
            "top": 198.72448881963888,
            "right": 155.3607897830506,
            "bottom": 208.72448939861107
          }
        },
        {
          "role_id": "architecture_role_residual_stage_1_module_layer1_1_bn3_d3bb0_2f234e8b",
          "text": "Stage 1 ×3 Bottleneck",
          "visible": true,
          "in_page": true,
          "ctm": [
            3.779427083333333,
            0,
            0,
            3.779427083333333,
            0.007812499999985767,
            0
          ],
          "box": {
            "left": 57.88093128651379,
            "top": 242.92888101736705,
            "right": 149.7492141127586,
            "bottom": 252.92888159633924
          }
        },
        {
          "role_id": "architecture_role_residual_stage_2_node_fx_add_4_57_f67a5aea_3dae3d8b",
          "text": "Stage 2 ×4 Bottleneck",
          "visible": true,
          "in_page": true,
          "ctm": [
            3.779427083333333,
            0,
            0,
            3.779427083333333,
            0.007812499999985767,
            0
          ],
          "box": {
            "left": 127.79509161412714,
            "top": 283.98505301475524,
            "right": 219.66338164905704,
            "bottom": 293.98505359372746
          }
        },
        {
          "role_id": "architecture_role_residual_stage_3_module_layer3_5_bn3_c4a08_8e47d6f4",
          "text": "Stage 3 ×6 Bottleneck",
          "visible": true,
          "in_page": true,
          "ctm": [
            3.779427083333333,
            0,
            0,
            3.779427083333333,
            0.007812499999985767,
            0
          ],
          "box": {
            "left": 197.19826429982976,
            "top": 325.4418548941612,
            "right": 289.06653991738955,
            "bottom": 335.4418554731334
          }
        },
        {
          "role_id": "architecture_role_residual_stage_4_node_fx_add_14_161_7bfc24_879b6110",
          "text": "Stage 4 ×3 Bottleneck",
          "visible": true,
          "in_page": true,
          "ctm": [
            3.779427083333333,
            0,
            0,
            3.779427083333333,
            0.007812499999985767,
            0
          ],
          "box": {
            "left": 357.88900976777074,
            "top": 365.478661151727,
            "right": 449.7572998027007,
            "bottom": 375.47866173069923
          }
        },
        {
          "role_id": "architecture_role_output_head_5_module_layer4_1_conv3_ac8c1b_f7bea101",
          "text": "Pooling / classifier",
          "visible": true,
          "in_page": true,
          "ctm": [
            3.779427083333333,
            0,
            0,
            3.779427083333333,
            0.007812499999985767,
            0
          ],
          "box": {
            "left": 476.5146412571271,
            "top": 285.4255789717038,
            "right": 551.7021781901518,
            "bottom": 295.42557955067605
          }
        }
      ],
      "boundary": {
        "left": 0,
        "top": 0,
        "right": 680.3125,
        "bottom": 453.53125
      }
    },
    {
      "case_dir": "/tmp/nndv-073-full-20260902T085430Z-aa89ee8a-piF1PH/artifact-staging/exports/scene-corpus/real-models/topk_moe",
      "family": "moe",
      "expected_role_count": 5,
      "expected_route_count": 5,
      "status": "PASS",
      "blockers": [],
      "label_rows": [
        {
          "role_id": "architecture_role_input_0_module_token_embedding_6c4877e2_no_f9cf0520",
          "text": "Tokens / embedding",
          "visible": true,
          "in_page": true,
          "ctm": [
            3.779427083333333,
            0,
            0,
            3.779427083333333,
            0.007812499999985767,
            0
          ],
          "box": {
            "left": 85.9294635777672,
            "top": 121.50630855162937,
            "right": 169.42946503311393,
            "bottom": 131.50630913060158
          }
        },
        {
          "role_id": "architecture_role_router_1_module_router_router_logits_f60d1_aa199a8c",
          "text": "Router + top-2",
          "visible": true,
          "in_page": true,
          "ctm": [
            3.779427083333333,
            0,
            0,
            3.779427083333333,
            0.007812499999985767,
            0
          ],
          "box": {
            "left": 168.09391915698842,
            "top": 95.66466473688682,
            "right": 227.98454705427088,
            "bottom": 105.66466531585901
          }
        },
        {
          "role_id": "architecture_role_experts_2_module_experts_1_feed_forward_2__34831498",
          "text": "Experts ×4",
          "visible": true,
          "in_page": true,
          "ctm": [
            3.779427083333333,
            0,
            0,
            3.779427083333333,
            0.007812499999985767,
            0
          ],
          "box": {
            "left": 272.7192894220352,
            "top": 320.99178942044574,
            "right": 317.5786663504938,
            "bottom": 330.99178999941796
          }
        },
        {
          "role_id": "architecture_role_weighted_combine_3_node_fx_stack_25_5817cd_17e77f83",
          "text": "Weighted combine",
          "visible": true,
          "in_page": true,
          "ctm": [
            3.779427083333333,
            0,
            0,
            3.779427083333333,
            0.007812499999985767,
            0
          ],
          "box": {
            "left": 386.9164814929167,
            "top": 323.22010931770006,
            "right": 464.0102326477567,
            "bottom": 333.2201098966723
          }
        },
        {
          "role_id": "architecture_role_output_head_4_node_fx_output_31_1e7f4585_m_0ea8dfca",
          "text": "Normalization / output",
          "visible": true,
          "in_page": true,
          "ctm": [
            3.779427083333333,
            0,
            0,
            3.779427083333333,
            0.007812499999985767,
            0
          ],
          "box": {
            "left": 478.65282375613845,
            "top": 278.65379787683486,
            "right": 569.7964751407504,
            "bottom": 288.6537984558071
          }
        }
      ],
      "boundary": {
        "left": 0,
        "top": 0,
        "right": 680.3125,
        "bottom": 453.53125
      }
    },
    {
      "case_dir": "/tmp/nndv-073-full-20260902T085430Z-aa89ee8a-piF1PH/artifact-staging/exports/scene-corpus/real-models/vision_transformer",
      "family": "transformer",
      "expected_role_count": 5,
      "expected_route_count": 1,
      "status": "PASS",
      "blockers": [],
      "label_rows": [
        {
          "role_id": "architecture_role_embedding_0_node_fx_image_0_a96ed448_node__eb3e3fbb",
          "text": "Patch + class token embed.",
          "visible": true,
          "in_page": true,
          "ctm": [
            3.779427083333333,
            0,
            0,
            3.779427083333333,
            0.007812499999985767,
            0
          ],
          "box": {
            "left": 65.01709699481724,
            "top": 130.74064855674902,
            "right": 179.87647887716687,
            "bottom": 140.7406491357212
          }
        },
        {
          "role_id": "architecture_role_attention_1_module_encoder_0_self_attentio_1eb4f949",
          "text": "Self-attention ×3",
          "visible": true,
          "in_page": true,
          "ctm": [
            3.779427083333333,
            0,
            0,
            3.779427083333333,
            0.007812499999985767,
            0
          ],
          "box": {
            "left": 250.81238381067908,
            "top": 183.13825920820236,
            "right": 319.01551227370896,
            "bottom": 193.13825978717455
          }
        },
        {
          "role_id": "architecture_role_feed_forward_2_module_encoder_1_feed_forwa_f553b24e",
          "text": "FFN ×3",
          "visible": true,
          "in_page": true,
          "ctm": [
            3.779427083333333,
            0,
            0,
            3.779427083333333,
            0.007812499999985767,
            0
          ],
          "box": {
            "left": 293.8025595108668,
            "top": 346.45113503932953,
            "right": 325.1775611584385,
            "bottom": 356.4511356183017
          }
        },
        {
          "role_id": "architecture_role_residual_norm_3_module_encoder_1_norm2_051_66a75388",
          "text": "Residual + norm ×3",
          "visible": true,
          "in_page": true,
          "ctm": [
            3.779427083333333,
            0,
            0,
            3.779427083333333,
            0.007812499999985767,
            0
          ],
          "box": {
            "left": 431.48103401462237,
            "top": 237.21259559194246,
            "right": 512.902915735046,
            "bottom": 247.21259617091465
          }
        },
        {
          "role_id": "architecture_role_output_head_4_node_fx_getitem_7_41_d4da1fd_c14dfe19",
          "text": "Classifier / output",
          "visible": true,
          "in_page": true,
          "ctm": [
            3.779427083333333,
            0,
            0,
            3.779427083333333,
            0.007812499999985767,
            0
          ],
          "box": {
            "left": 485.6004102627436,
            "top": 357.8047563711802,
            "right": 558.0741079409917,
            "bottom": 367.8047569501524
          }
        }
      ],
      "boundary": {
        "left": 0,
        "top": 0,
        "right": 680.3125,
        "bottom": 453.53125
      }
    }
  ]
}
